
> veraYield@0.1.0 build
> next build

   ▲ Next.js 15.2.4
   - Environments: .env

   Creating an optimized production build ...
 ✓ Compiled successfully
   Linting and checking validity of types ...

Failed to compile.

./app/about/page.tsx
44:30  Error: Do not use an `<a>` element to navigate to `/`. Use `<Link />` from `next/link` instead. See: https://nextjs.org/docs/messages/no-html-link-for-pages  @next/next/no-html-link-for-pages

./app/components/brrrCalculator/PropertyInfo.tsx
9:3  Warning: Unused eslint-disable directive (no problems were reported from '@typescript-eslint/no-explicit-any').

info  - Need to disable some ESLint rules? Learn more here: https://nextjs.org/docs/app/api-reference/config/eslint#disabling-rules
